Archive member included because of file (symbol)

/home/moker/embed_learn/avr8-gnu-toolchain-linux_x86_64/bin/../lib/gcc/avr/4.7.2/avr5/libgcc.a(_exit.o)
                              /home/moker/embed_learn/avr8-gnu-toolchain-linux_x86_64/bin/../lib/gcc/avr/4.7.2/../../../../avr/lib/avr5/crtm16.o (exit)
/home/moker/embed_learn/avr8-gnu-toolchain-linux_x86_64/bin/../lib/gcc/avr/4.7.2/avr5/libgcc.a(_copy_data.o)
                              main.o (__do_copy_data)
/home/moker/embed_learn/avr8-gnu-toolchain-linux_x86_64/bin/../lib/gcc/avr/4.7.2/avr5/libgcc.a(_clear_bss.o)
                              main.o (__do_clear_bss)
/home/moker/embed_learn/avr8-gnu-toolchain-linux_x86_64/bin/../lib/gcc/avr/4.7.2/../../../../avr/lib/avr5/libc.a(iob.o)
                              main.o (__iob)
/home/moker/embed_learn/avr8-gnu-toolchain-linux_x86_64/bin/../lib/gcc/avr/4.7.2/../../../../avr/lib/avr5/libc.a(putchar.o)
                              main.o (putchar)
/home/moker/embed_learn/avr8-gnu-toolchain-linux_x86_64/bin/../lib/gcc/avr/4.7.2/../../../../avr/lib/avr5/libc.a(fputc.o)
                              /home/moker/embed_learn/avr8-gnu-toolchain-linux_x86_64/bin/../lib/gcc/avr/4.7.2/../../../../avr/lib/avr5/libc.a(putchar.o) (fputc)

Allocating common symbols
Common symbol       size              file

uart_data           0x1               main.o
__iob               0x6               /home/moker/embed_learn/avr8-gnu-toolchain-linux_x86_64/bin/../lib/gcc/avr/4.7.2/../../../../avr/lib/avr5/libc.a(iob.o)

Memory Configuration

Name             Origin             Length             Attributes
text             0x0000000000000000 0x0000000000020000 xr
data             0x0000000000800060 0x000000000000ffa0 rw !x
eeprom           0x0000000000810000 0x0000000000010000 rw !x
fuse             0x0000000000820000 0x0000000000000400 rw !x
lock             0x0000000000830000 0x0000000000000400 rw !x
signature        0x0000000000840000 0x0000000000000400 rw !x
user_signatures  0x0000000000850000 0x0000000000000400 rw !x
*default*        0x0000000000000000 0xffffffffffffffff

Linker script and memory map

LOAD /home/moker/embed_learn/avr8-gnu-toolchain-linux_x86_64/bin/../lib/gcc/avr/4.7.2/../../../../avr/lib/avr5/crtm16.o
LOAD main.o
LOAD uart.o
LOAD /home/moker/embed_learn/avr8-gnu-toolchain-linux_x86_64/bin/../lib/gcc/avr/4.7.2/avr5/libgcc.a
LOAD /home/moker/embed_learn/avr8-gnu-toolchain-linux_x86_64/bin/../lib/gcc/avr/4.7.2/../../../../avr/lib/avr5/libc.a
LOAD /home/moker/embed_learn/avr8-gnu-toolchain-linux_x86_64/bin/../lib/gcc/avr/4.7.2/avr5/libgcc.a

.hash
 *(.hash)

.dynsym
 *(.dynsym)

.dynstr
 *(.dynstr)

.gnu.version
 *(.gnu.version)

.gnu.version_d
 *(.gnu.version_d)

.gnu.version_r
 *(.gnu.version_r)

.rel.init
 *(.rel.init)

.rela.init
 *(.rela.init)

.rel.text
 *(.rel.text)
 *(.rel.text.*)
 *(.rel.gnu.linkonce.t*)

.rela.text
 *(.rela.text)
 *(.rela.text.*)
 *(.rela.gnu.linkonce.t*)

.rel.fini
 *(.rel.fini)

.rela.fini
 *(.rela.fini)

.rel.rodata
 *(.rel.rodata)
 *(.rel.rodata.*)
 *(.rel.gnu.linkonce.r*)

.rela.rodata
 *(.rela.rodata)
 *(.rela.rodata.*)
 *(.rela.gnu.linkonce.r*)

.rel.data
 *(.rel.data)
 *(.rel.data.*)
 *(.rel.gnu.linkonce.d*)

.rela.data
 *(.rela.data)
 *(.rela.data.*)
 *(.rela.gnu.linkonce.d*)

.rel.ctors
 *(.rel.ctors)

.rela.ctors
 *(.rela.ctors)

.rel.dtors
 *(.rel.dtors)

.rela.dtors
 *(.rela.dtors)

.rel.got
 *(.rel.got)

.rela.got
 *(.rela.got)

.rel.bss
 *(.rel.bss)

.rela.bss
 *(.rela.bss)

.rel.plt
 *(.rel.plt)

.rela.plt
 *(.rela.plt)

.text           0x0000000000000000      0x1c0
 *(.vectors)
 .vectors       0x0000000000000000       0x54 /home/moker/embed_learn/avr8-gnu-toolchain-linux_x86_64/bin/../lib/gcc/avr/4.7.2/../../../../avr/lib/avr5/crtm16.o
                0x0000000000000000                __vectors
                0x0000000000000000                __vector_default
 *(.vectors)
 *(.progmem.gcc*)
 *(.progmem*)
                0x0000000000000054                . = ALIGN (0x2)
                0x0000000000000054                __trampolines_start = .
 *(.trampolines)
 .trampolines   0x0000000000000054        0x0 linker stubs
 *(.trampolines*)
                0x0000000000000054                __trampolines_end = .
 *(.jumptables)
 *(.jumptables*)
 *(.lowtext)
 *(.lowtext*)
                0x0000000000000054                __ctors_start = .
 *(.ctors)
                0x0000000000000054                __ctors_end = .
                0x0000000000000054                __dtors_start = .
 *(.dtors)
                0x0000000000000054                __dtors_end = .
 SORT(*)(.ctors)
 SORT(*)(.dtors)
 *(.init0)
 .init0         0x0000000000000054        0x0 /home/moker/embed_learn/avr8-gnu-toolchain-linux_x86_64/bin/../lib/gcc/avr/4.7.2/../../../../avr/lib/avr5/crtm16.o
                0x0000000000000054                __init
 *(.init0)
 *(.init1)
 *(.init1)
 *(.init2)
 .init2         0x0000000000000054        0xc /home/moker/embed_learn/avr8-gnu-toolchain-linux_x86_64/bin/../lib/gcc/avr/4.7.2/../../../../avr/lib/avr5/crtm16.o
 *(.init2)
 *(.init3)
 *(.init3)
 *(.init4)
 .init4         0x0000000000000060       0x16 /home/moker/embed_learn/avr8-gnu-toolchain-linux_x86_64/bin/../lib/gcc/avr/4.7.2/avr5/libgcc.a(_copy_data.o)
                0x0000000000000060                __do_copy_data
 .init4         0x0000000000000076       0x10 /home/moker/embed_learn/avr8-gnu-toolchain-linux_x86_64/bin/../lib/gcc/avr/4.7.2/avr5/libgcc.a(_clear_bss.o)
                0x0000000000000076                __do_clear_bss
 *(.init4)
 *(.init5)
 *(.init5)
 *(.init6)
 *(.init6)
 *(.init7)
 *(.init7)
 *(.init8)
 *(.init8)
 *(.init9)
 .init9         0x0000000000000086        0x8 /home/moker/embed_learn/avr8-gnu-toolchain-linux_x86_64/bin/../lib/gcc/avr/4.7.2/../../../../avr/lib/avr5/crtm16.o
 *(.init9)
 *(.text)
 .text          0x000000000000008e        0x4 /home/moker/embed_learn/avr8-gnu-toolchain-linux_x86_64/bin/../lib/gcc/avr/4.7.2/../../../../avr/lib/avr5/crtm16.o
                0x000000000000008e                __vector_1
                0x000000000000008e                __vector_12
                0x000000000000008e                __bad_interrupt
                0x000000000000008e                __vector_6
                0x000000000000008e                __vector_3
                0x000000000000008e                __vector_13
                0x000000000000008e                __vector_17
                0x000000000000008e                __vector_19
                0x000000000000008e                __vector_7
                0x000000000000008e                __vector_5
                0x000000000000008e                __vector_4
                0x000000000000008e                __vector_9
                0x000000000000008e                __vector_2
                0x000000000000008e                __vector_15
                0x000000000000008e                __vector_8
                0x000000000000008e                __vector_14
                0x000000000000008e                __vector_10
                0x000000000000008e                __vector_16
                0x000000000000008e                __vector_18
                0x000000000000008e                __vector_20
 .text          0x0000000000000092        0x0 main.o
 .text          0x0000000000000092       0x82 uart.o
                0x0000000000000092                init_uart
                0x00000000000000aa                uart_putchar
                0x00000000000000c8                __vector_11
 .text          0x0000000000000114        0x0 /home/moker/embed_learn/avr8-gnu-toolchain-linux_x86_64/bin/../lib/gcc/avr/4.7.2/avr5/libgcc.a(_exit.o)
 .text          0x0000000000000114        0x0 /home/moker/embed_learn/avr8-gnu-toolchain-linux_x86_64/bin/../lib/gcc/avr/4.7.2/avr5/libgcc.a(_copy_data.o)
 .text          0x0000000000000114        0x0 /home/moker/embed_learn/avr8-gnu-toolchain-linux_x86_64/bin/../lib/gcc/avr/4.7.2/avr5/libgcc.a(_clear_bss.o)
 .text          0x0000000000000114        0x0 /home/moker/embed_learn/avr8-gnu-toolchain-linux_x86_64/bin/../lib/gcc/avr/4.7.2/../../../../avr/lib/avr5/libc.a(iob.o)
 .text          0x0000000000000114        0x0 /home/moker/embed_learn/avr8-gnu-toolchain-linux_x86_64/bin/../lib/gcc/avr/4.7.2/../../../../avr/lib/avr5/libc.a(putchar.o)
 .text          0x0000000000000114        0x0 /home/moker/embed_learn/avr8-gnu-toolchain-linux_x86_64/bin/../lib/gcc/avr/4.7.2/../../../../avr/lib/avr5/libc.a(fputc.o)
                0x0000000000000114                . = ALIGN (0x2)
 *(.text.*)
 .text.startup  0x0000000000000114       0x42 main.o
                0x0000000000000114                main
 .text.libgcc.mul
                0x0000000000000156        0x0 /home/moker/embed_learn/avr8-gnu-toolchain-linux_x86_64/bin/../lib/gcc/avr/4.7.2/avr5/libgcc.a(_exit.o)
 .text.libgcc.div
                0x0000000000000156        0x0 /home/moker/embed_learn/avr8-gnu-toolchain-linux_x86_64/bin/../lib/gcc/avr/4.7.2/avr5/libgcc.a(_exit.o)
 .text.libgcc   0x0000000000000156        0x0 /home/moker/embed_learn/avr8-gnu-toolchain-linux_x86_64/bin/../lib/gcc/avr/4.7.2/avr5/libgcc.a(_exit.o)
 .text.libgcc.prologue
                0x0000000000000156        0x0 /home/moker/embed_learn/avr8-gnu-toolchain-linux_x86_64/bin/../lib/gcc/avr/4.7.2/avr5/libgcc.a(_exit.o)
 .text.libgcc.builtins
                0x0000000000000156        0x0 /home/moker/embed_learn/avr8-gnu-toolchain-linux_x86_64/bin/../lib/gcc/avr/4.7.2/avr5/libgcc.a(_exit.o)
 .text.libgcc.fmul
                0x0000000000000156        0x0 /home/moker/embed_learn/avr8-gnu-toolchain-linux_x86_64/bin/../lib/gcc/avr/4.7.2/avr5/libgcc.a(_exit.o)
 .text.libgcc.mul
                0x0000000000000156        0x0 /home/moker/embed_learn/avr8-gnu-toolchain-linux_x86_64/bin/../lib/gcc/avr/4.7.2/avr5/libgcc.a(_copy_data.o)
 .text.libgcc.div
                0x0000000000000156        0x0 /home/moker/embed_learn/avr8-gnu-toolchain-linux_x86_64/bin/../lib/gcc/avr/4.7.2/avr5/libgcc.a(_copy_data.o)
 .text.libgcc   0x0000000000000156        0x0 /home/moker/embed_learn/avr8-gnu-toolchain-linux_x86_64/bin/../lib/gcc/avr/4.7.2/avr5/libgcc.a(_copy_data.o)
 .text.libgcc.prologue
                0x0000000000000156        0x0 /home/moker/embed_learn/avr8-gnu-toolchain-linux_x86_64/bin/../lib/gcc/avr/4.7.2/avr5/libgcc.a(_copy_data.o)
 .text.libgcc.builtins
                0x0000000000000156        0x0 /home/moker/embed_learn/avr8-gnu-toolchain-linux_x86_64/bin/../lib/gcc/avr/4.7.2/avr5/libgcc.a(_copy_data.o)
 .text.libgcc.fmul
                0x0000000000000156        0x0 /home/moker/embed_learn/avr8-gnu-toolchain-linux_x86_64/bin/../lib/gcc/avr/4.7.2/avr5/libgcc.a(_copy_data.o)
 .text.libgcc.mul
                0x0000000000000156        0x0 /home/moker/embed_learn/avr8-gnu-toolchain-linux_x86_64/bin/../lib/gcc/avr/4.7.2/avr5/libgcc.a(_clear_bss.o)
 .text.libgcc.div
                0x0000000000000156        0x0 /home/moker/embed_learn/avr8-gnu-toolchain-linux_x86_64/bin/../lib/gcc/avr/4.7.2/avr5/libgcc.a(_clear_bss.o)
 .text.libgcc   0x0000000000000156        0x0 /home/moker/embed_learn/avr8-gnu-toolchain-linux_x86_64/bin/../lib/gcc/avr/4.7.2/avr5/libgcc.a(_clear_bss.o)
 .text.libgcc.prologue
                0x0000000000000156        0x0 /home/moker/embed_learn/avr8-gnu-toolchain-linux_x86_64/bin/../lib/gcc/avr/4.7.2/avr5/libgcc.a(_clear_bss.o)
 .text.libgcc.builtins
                0x0000000000000156        0x0 /home/moker/embed_learn/avr8-gnu-toolchain-linux_x86_64/bin/../lib/gcc/avr/4.7.2/avr5/libgcc.a(_clear_bss.o)
 .text.libgcc.fmul
                0x0000000000000156        0x0 /home/moker/embed_learn/avr8-gnu-toolchain-linux_x86_64/bin/../lib/gcc/avr/4.7.2/avr5/libgcc.a(_clear_bss.o)
 .text.avr-libc
                0x0000000000000156        0xe /home/moker/embed_learn/avr8-gnu-toolchain-linux_x86_64/bin/../lib/gcc/avr/4.7.2/../../../../avr/lib/avr5/libc.a(putchar.o)
                0x0000000000000156                putchar
 .text.avr-libc
                0x0000000000000164       0x58 /home/moker/embed_learn/avr8-gnu-toolchain-linux_x86_64/bin/../lib/gcc/avr/4.7.2/../../../../avr/lib/avr5/libc.a(fputc.o)
                0x0000000000000164                fputc
                0x00000000000001bc                . = ALIGN (0x2)
 *(.fini9)
 .fini9         0x00000000000001bc        0x0 /home/moker/embed_learn/avr8-gnu-toolchain-linux_x86_64/bin/../lib/gcc/avr/4.7.2/avr5/libgcc.a(_exit.o)
                0x00000000000001bc                exit
                0x00000000000001bc                _exit
 *(.fini9)
 *(.fini8)
 *(.fini8)
 *(.fini7)
 *(.fini7)
 *(.fini6)
 *(.fini6)
 *(.fini5)
 *(.fini5)
 *(.fini4)
 *(.fini4)
 *(.fini3)
 *(.fini3)
 *(.fini2)
 *(.fini2)
 *(.fini1)
 *(.fini1)
 *(.fini0)
 .fini0         0x00000000000001bc        0x4 /home/moker/embed_learn/avr8-gnu-toolchain-linux_x86_64/bin/../lib/gcc/avr/4.7.2/avr5/libgcc.a(_exit.o)
 *(.fini0)
                0x00000000000001c0                _etext = .

.data           0x0000000000800060       0x1c load address 0x00000000000001c0
                0x0000000000800060                PROVIDE (__data_start, .)
 *(.data)
 .data          0x0000000000800060        0x0 /home/moker/embed_learn/avr8-gnu-toolchain-linux_x86_64/bin/../lib/gcc/avr/4.7.2/../../../../avr/lib/avr5/crtm16.o
 .data          0x0000000000800060       0x1b main.o
                0x0000000000800060                table
 .data          0x000000000080007b        0x0 uart.o
 .data          0x000000000080007b        0x0 /home/moker/embed_learn/avr8-gnu-toolchain-linux_x86_64/bin/../lib/gcc/avr/4.7.2/avr5/libgcc.a(_exit.o)
 .data          0x000000000080007b        0x0 /home/moker/embed_learn/avr8-gnu-toolchain-linux_x86_64/bin/../lib/gcc/avr/4.7.2/avr5/libgcc.a(_copy_data.o)
 .data          0x000000000080007b        0x0 /home/moker/embed_learn/avr8-gnu-toolchain-linux_x86_64/bin/../lib/gcc/avr/4.7.2/avr5/libgcc.a(_clear_bss.o)
 .data          0x000000000080007b        0x0 /home/moker/embed_learn/avr8-gnu-toolchain-linux_x86_64/bin/../lib/gcc/avr/4.7.2/../../../../avr/lib/avr5/libc.a(iob.o)
 .data          0x000000000080007b        0x0 /home/moker/embed_learn/avr8-gnu-toolchain-linux_x86_64/bin/../lib/gcc/avr/4.7.2/../../../../avr/lib/avr5/libc.a(putchar.o)
 .data          0x000000000080007b        0x0 /home/moker/embed_learn/avr8-gnu-toolchain-linux_x86_64/bin/../lib/gcc/avr/4.7.2/../../../../avr/lib/avr5/libc.a(fputc.o)
 *(.data*)
 *(.rodata)
 *(.rodata*)
 *(.gnu.linkonce.d*)
                0x000000000080007c                . = ALIGN (0x2)
 *fill*         0x000000000080007b        0x1 
                0x000000000080007c                _edata = .
                0x000000000080007c                PROVIDE (__data_end, .)

.bss            0x000000000080007c        0x7
                0x000000000080007c                PROVIDE (__bss_start, .)
 *(.bss)
 .bss           0x000000000080007c        0x0 /home/moker/embed_learn/avr8-gnu-toolchain-linux_x86_64/bin/../lib/gcc/avr/4.7.2/../../../../avr/lib/avr5/crtm16.o
 .bss           0x000000000080007c        0x0 main.o
 .bss           0x000000000080007c        0x0 uart.o
 .bss           0x000000000080007c        0x0 /home/moker/embed_learn/avr8-gnu-toolchain-linux_x86_64/bin/../lib/gcc/avr/4.7.2/avr5/libgcc.a(_exit.o)
 .bss           0x000000000080007c        0x0 /home/moker/embed_learn/avr8-gnu-toolchain-linux_x86_64/bin/../lib/gcc/avr/4.7.2/avr5/libgcc.a(_copy_data.o)
 .bss           0x000000000080007c        0x0 /home/moker/embed_learn/avr8-gnu-toolchain-linux_x86_64/bin/../lib/gcc/avr/4.7.2/avr5/libgcc.a(_clear_bss.o)
 .bss           0x000000000080007c        0x0 /home/moker/embed_learn/avr8-gnu-toolchain-linux_x86_64/bin/../lib/gcc/avr/4.7.2/../../../../avr/lib/avr5/libc.a(iob.o)
 .bss           0x000000000080007c        0x0 /home/moker/embed_learn/avr8-gnu-toolchain-linux_x86_64/bin/../lib/gcc/avr/4.7.2/../../../../avr/lib/avr5/libc.a(putchar.o)
 .bss           0x000000000080007c        0x0 /home/moker/embed_learn/avr8-gnu-toolchain-linux_x86_64/bin/../lib/gcc/avr/4.7.2/../../../../avr/lib/avr5/libc.a(fputc.o)
 *(.bss*)
 *(COMMON)
 COMMON         0x000000000080007c        0x1 main.o
                0x000000000080007c                uart_data
 COMMON         0x000000000080007d        0x6 /home/moker/embed_learn/avr8-gnu-toolchain-linux_x86_64/bin/../lib/gcc/avr/4.7.2/../../../../avr/lib/avr5/libc.a(iob.o)
                0x000000000080007d                __iob
                0x0000000000800083                PROVIDE (__bss_end, .)
                0x00000000000001c0                __data_load_start = LOADADDR (.data)
                0x00000000000001dc                __data_load_end = (__data_load_start + SIZEOF (.data))

.noinit         0x0000000000800083        0x0
                0x0000000000800083                PROVIDE (__noinit_start, .)
 *(.noinit*)
                0x0000000000800083                PROVIDE (__noinit_end, .)
                0x0000000000800083                _end = .
                0x0000000000800083                PROVIDE (__heap_start, .)

.eeprom         0x0000000000810000        0x0
 *(.eeprom*)
                0x0000000000810000                __eeprom_end = .

.fuse
 *(.fuse)
 *(.lfuse)
 *(.hfuse)
 *(.efuse)

.lock
 *(.lock*)

.signature
 *(.signature*)

.user_signatures
 *(.user_signatures*)

.stab           0x0000000000000000      0x6cc
 *(.stab)
 .stab          0x0000000000000000      0x6cc /home/moker/embed_learn/avr8-gnu-toolchain-linux_x86_64/bin/../lib/gcc/avr/4.7.2/../../../../avr/lib/avr5/crtm16.o

.stabstr        0x0000000000000000       0x97
 *(.stabstr)
 .stabstr       0x0000000000000000       0x97 /home/moker/embed_learn/avr8-gnu-toolchain-linux_x86_64/bin/../lib/gcc/avr/4.7.2/../../../../avr/lib/avr5/crtm16.o

.stab.excl
 *(.stab.excl)

.stab.exclstr
 *(.stab.exclstr)

.stab.index
 *(.stab.index)

.stab.indexstr
 *(.stab.indexstr)

.comment        0x0000000000000000       0x5b
 *(.comment)
 .comment       0x0000000000000000       0x2f main.o
                                         0x30 (size before relaxing)
 .comment       0x0000000000000000       0x30 uart.o
 .comment       0x000000000000002f       0x2c /home/moker/embed_learn/avr8-gnu-toolchain-linux_x86_64/bin/../lib/gcc/avr/4.7.2/../../../../avr/lib/avr5/libc.a(iob.o)
                                         0x2d (size before relaxing)
 .comment       0x0000000000000000       0x2d /home/moker/embed_learn/avr8-gnu-toolchain-linux_x86_64/bin/../lib/gcc/avr/4.7.2/../../../../avr/lib/avr5/libc.a(putchar.o)
 .comment       0x0000000000000000       0x2d /home/moker/embed_learn/avr8-gnu-toolchain-linux_x86_64/bin/../lib/gcc/avr/4.7.2/../../../../avr/lib/avr5/libc.a(fputc.o)

.debug
 *(.debug)

.line
 *(.line)

.debug_srcinfo
 *(.debug_srcinfo)

.debug_sfnames
 *(.debug_sfnames)

.debug_aranges  0x0000000000000000       0x40
 *(.debug_aranges)
 .debug_aranges
                0x0000000000000000       0x20 main.o
 .debug_aranges
                0x0000000000000020       0x20 uart.o

.debug_pubnames
 *(.debug_pubnames)

.debug_info     0x0000000000000000      0x425
 *(.debug_info)
 .debug_info    0x0000000000000000      0x20b main.o
 .debug_info    0x000000000000020b      0x21a uart.o
 *(.gnu.linkonce.wi.*)

.debug_abbrev   0x0000000000000000      0x2de
 *(.debug_abbrev)
 .debug_abbrev  0x0000000000000000      0x15e main.o
 .debug_abbrev  0x000000000000015e      0x180 uart.o

.debug_line     0x0000000000000000      0x1bb
 *(.debug_line)
 .debug_line    0x0000000000000000       0xdd main.o
 .debug_line    0x00000000000000dd       0xde uart.o

.debug_frame    0x0000000000000000       0x80
 *(.debug_frame)
 .debug_frame   0x0000000000000000       0x24 main.o
 .debug_frame   0x0000000000000024       0x5c uart.o

.debug_str      0x0000000000000000      0x11f
 *(.debug_str)
 .debug_str     0x0000000000000000       0xe3 main.o
                                        0x124 (size before relaxing)
 .debug_str     0x00000000000000e3       0x3c uart.o
                                        0x11c (size before relaxing)

.debug_loc      0x0000000000000000      0x12f
 *(.debug_loc)
 .debug_loc     0x0000000000000000      0x12f uart.o

.debug_macinfo
 *(.debug_macinfo)

.debug_pubtypes
 *(.debug_pubtypes)

.debug_ranges   0x0000000000000000       0x10
 *(.debug_ranges)
 .debug_ranges  0x0000000000000000       0x10 main.o

.debug_macro
 *(.debug_macro)
OUTPUT(main.elf elf32-avr)
LOAD linker stubs
